Fatal error: exception Failure("Function getName is undefined")