Fatal error: exception Failure("illegal binary operator int * double in a * b")