Fatal error: exception Dune__exe__Semant.Exception("sum of interface myInterface is not defined in class myClass")
