Fatal error: exception Dune__exe__Semant.Exception("No constructor has been defined for butterfly")
