4
0
4
1
1
0
0
1
0
1
4.200000
-0.100000
4.410000
1.000000
1
0
0
1
0
1
-2.100000
-10
