1
2
3
1
0
"hello"
"world"
1.100000
2.200000
3.300000
