0
10
0.000000
10
""
"hello"
0
1
"hello"
3.500000
20
0
